// Jest Snapshot v1, https://goo.gl/fbAQLP

exports[`renders ShortcutRow using Snapshots 1`] = `
<View
  accessible={true}
  clickable={true}
  isTVSelectable={true}
  onClick={[Function]}
  onResponderGrant={[Function]}
  onResponderMove={[Function]}
  onResponderRelease={[Function]}
  onResponderTerminate={[Function]}
  onResponderTerminationRequest={[Function]}
  onStartShouldSetResponder={[Function]}
  style={
    Object {
      "opacity": 1,
    }
  }
>
  <View
    style={
      Object {
        "alignItems": "center",
        "backgroundColor": "#fff",
        "borderRadius": 2,
        "elevation": 2,
        "height": 229,
        "justifyContent": "space-between",
        "marginLeft": 10.416375,
        "marginTop": 10.416375,
        "padding": 20.83275,
        "shadowColor": "#000",
        "shadowOffset": Object {
          "height": 1,
          "width": 0,
        },
        "shadowOpacity": 0.23,
        "shadowRadius": 2,
        "width": 229,
      }
    }
  >
    <Image
      resizeMode="contain"
      style={
        Object {
          "height": 125.95000000000002,
          "width": 125.95000000000002,
        }
      }
    />
    <View
      style={
        Object {
          "alignItems": "center",
          "justifyContent": "center",
        }
      }
    >
      <Text
        allowFontScaling={false}
        numberOfLines={2}
        style={
          Object {
            "backgroundColor": "transparent",
            "color": "#555555",
            "fontSize": 22.900000000000002,
            "textAlign": "center",
          }
        }
      />
    </View>
  </View>
</View>
`;
