// Jest Snapshot v1, https://goo.gl/fbAQLP

exports[`renders VSetting when isOneSelected is false using Snapshots 1`] = `
<View
  style={
    Object {
      "alignItems": "center",
      "backgroundColor": "transparent",
      "flexDirection": "column",
      "justifyContent": "center",
    }
  }
>
  <View
    style={
      Object {
        "marginLeft": 20.83275,
        "marginTop": 20.83275,
      }
    }
  >
    <View
      accessible={true}
      focusable={true}
      onClick={[Function]}
      onResponderGrant={[Function]}
      onResponderMove={[Function]}
      onResponderRelease={[Function]}
      onResponderTerminate={[Function]}
      onResponderTerminationRequest={[Function]}
      onStartShouldSetResponder={[Function]}
      style={
        Object {
          "alignItems": "center",
          "alignSelf": "center",
          "borderColor": "#1b365d",
          "borderRadius": 23.5,
          "borderWidth": 3,
          "height": 47,
          "justifyContent": "center",
          "opacity": 1,
          "width": 47,
        }
      }
    >
      <View
        style={
          Array [
            Object {
              "borderRadius": 10,
            },
            false,
            false,
            false,
          ]
        }
      />
    </View>
  </View>
  <View
    style={
      Object {
        "marginLeft": 20.83275,
        "marginTop": 20.83275,
      }
    }
  >
    <View
      accessible={true}
      focusable={true}
      onClick={[Function]}
      onResponderGrant={[Function]}
      onResponderMove={[Function]}
      onResponderRelease={[Function]}
      onResponderTerminate={[Function]}
      onResponderTerminationRequest={[Function]}
      onStartShouldSetResponder={[Function]}
      style={
        Object {
          "alignItems": "center",
          "alignSelf": "center",
          "borderColor": "#1b365d",
          "borderRadius": 23.5,
          "borderWidth": 3,
          "height": 47,
          "justifyContent": "center",
          "opacity": 1,
          "width": 47,
        }
      }
    >
      <View
        style={
          Array [
            Object {
              "borderRadius": 10,
            },
            Object {
              "backgroundColor": "#2196f3",
              "height": 20,
              "width": 20,
            },
            Object {
              "borderRadius": 11.75,
              "height": 23.5,
              "width": 23.5,
            },
            Object {
              "backgroundColor": "#1b365d",
            },
          ]
        }
      />
    </View>
  </View>
  <Text
    allowFontScaling={false}
    style={
      Object {
        "backgroundColor": "transparent",
        "color": "#8e8e93",
        "fontSize": 26.250000000000004,
        "marginLeft": 20.83275,
        "marginTop": 20.83275,
      }
    }
  />
</View>
`;

exports[`renders VSetting when isOneSelected using Snapshots 1`] = `
<View
  style={
    Object {
      "alignItems": "center",
      "backgroundColor": "transparent",
      "flexDirection": "column",
      "justifyContent": "center",
    }
  }
>
  <View
    style={
      Object {
        "marginLeft": 20.83275,
        "marginTop": 20.83275,
      }
    }
  >
    <View
      accessible={true}
      focusable={true}
      onClick={[Function]}
      onResponderGrant={[Function]}
      onResponderMove={[Function]}
      onResponderRelease={[Function]}
      onResponderTerminate={[Function]}
      onResponderTerminationRequest={[Function]}
      onStartShouldSetResponder={[Function]}
      style={
        Object {
          "alignItems": "center",
          "alignSelf": "center",
          "borderColor": "#1b365d",
          "borderRadius": 23.5,
          "borderWidth": 3,
          "height": 47,
          "justifyContent": "center",
          "opacity": 1,
          "width": 47,
        }
      }
    >
      <View
        style={
          Array [
            Object {
              "borderRadius": 10,
            },
            Object {
              "backgroundColor": "#2196f3",
              "height": 20,
              "width": 20,
            },
            Object {
              "borderRadius": 11.75,
              "height": 23.5,
              "width": 23.5,
            },
            Object {
              "backgroundColor": "#1b365d",
            },
          ]
        }
      />
    </View>
  </View>
  <View
    style={
      Object {
        "marginLeft": 20.83275,
        "marginTop": 20.83275,
      }
    }
  >
    <View
      accessible={true}
      focusable={true}
      onClick={[Function]}
      onResponderGrant={[Function]}
      onResponderMove={[Function]}
      onResponderRelease={[Function]}
      onResponderTerminate={[Function]}
      onResponderTerminationRequest={[Function]}
      onStartShouldSetResponder={[Function]}
      style={
        Object {
          "alignItems": "center",
          "alignSelf": "center",
          "borderColor": "#1b365d",
          "borderRadius": 23.5,
          "borderWidth": 3,
          "height": 47,
          "justifyContent": "center",
          "opacity": 1,
          "width": 47,
        }
      }
    >
      <View
        style={
          Array [
            Object {
              "borderRadius": 10,
            },
            false,
            false,
            false,
          ]
        }
      />
    </View>
  </View>
  <Text
    allowFontScaling={false}
    style={
      Object {
        "backgroundColor": "transparent",
        "color": "#8e8e93",
        "fontSize": 26.250000000000004,
        "marginLeft": 20.83275,
        "marginTop": 20.83275,
      }
    }
  />
</View>
`;
