// Jest Snapshot v1, https://goo.gl/fbAQLP

exports[`<BlockIcon /> - snapshot renders BlockIcon 1`] = `
<View
  accessible={true}
  focusable={true}
  onClick={[Function]}
  onResponderGrant={[Function]}
  onResponderMove={[Function]}
  onResponderRelease={[Function]}
  onResponderTerminate={[Function]}
  onResponderTerminationRequest={[Function]}
  onStartShouldSetResponder={[Function]}
  style={
    Object {
      "alignItems": "center",
      "backgroundColor": "#1b365d",
      "justifyContent": "center",
      "opacity": 1,
    }
  }
>
  <Text
    accessible={true}
    allowFontScaling={false}
    importantForAccessibility="yes"
    style={
      Object {
        "backgroundColor": "transparent",
        "color": "#fff",
        "fontFamily": "telldusicons",
        "fontSize": 12,
      }
    }
  >
    info
  </Text>
</View>
`;
